
Discarded input sections

 .group         0x0000000000000000        0xc ./fun_c.o

Memory Configuration

Name             Origin             Length             Attributes
*default*        0x0000000000000000 0xffffffffffffffff

Linker script and memory map

LOAD ./fun_asm.o
LOAD ./fun_c.o
LOAD c:/eclipserv/eclipse/sysgcc/bin/../lib/gcc/riscv64-unknown-elf/10.1.0/rv32im/ilp32\libgcc.a
START GROUP
LOAD c:/eclipserv/eclipse/sysgcc/bin/../lib/gcc/riscv64-unknown-elf/10.1.0/../../../../riscv64-unknown-elf/lib/rv32im/ilp32\libc.a
LOAD c:/eclipserv/eclipse/sysgcc/bin/../lib/gcc/riscv64-unknown-elf/10.1.0/../../../../riscv64-unknown-elf/lib/rv32im/ilp32\libgloss.a
END GROUP
LOAD c:/eclipserv/eclipse/sysgcc/bin/../lib/gcc/riscv64-unknown-elf/10.1.0/rv32im/ilp32\libgcc.a
                0x0000000000000000                . = 0x0

.text           0x0000000000000000        0x0
 *(.text)
 .text          0x0000000000000000        0x0 ./fun_asm.o
 .text          0x0000000000000000        0x0 ./fun_c.o
                0x0000000000010000                . = 0x10000

.data           0x0000000000010000        0x0
 *(.data)
 .data          0x0000000000010000        0x0 ./fun_asm.o
 .data          0x0000000000010000        0x0 ./fun_c.o

.bss            0x0000000000010000        0x0
 *(.bss)
 .bss           0x0000000000010000        0x0 ./fun_asm.o
 .bss           0x0000000000010000        0x0 ./fun_c.o

.rodata
 *(.rodata)
                0x0000000000020000                _stack = 0x20000
OUTPUT(pr5.elf elf32-littleriscv)

.riscv.attributes
                0x0000000000000000       0x21
 .riscv.attributes
                0x0000000000000000       0x1f ./fun_asm.o
 .riscv.attributes
                0x000000000000001f       0x21 ./fun_c.o

.comment        0x0000000000000000       0x12
 .comment       0x0000000000000000       0x12 ./fun_c.o
                                         0x13 (size before relaxing)

.debug_info     0x0000000000000000       0x21
 .debug_info    0x0000000000000000       0x21 ./fun_c.o

.debug_abbrev   0x0000000000000000       0x13
 .debug_abbrev  0x0000000000000000       0x13 ./fun_c.o

.debug_aranges  0x0000000000000000       0x18
 .debug_aranges
                0x0000000000000000       0x18 ./fun_c.o

.debug_macro    0x0000000000000000      0x6f9
 .debug_macro   0x0000000000000000       0x11 ./fun_c.o
 .debug_macro   0x0000000000000011      0x6e8 ./fun_c.o

.debug_line     0x0000000000000000       0x2b
 .debug_line    0x0000000000000000       0x2b ./fun_c.o

.debug_str      0x0000000000000000     0x23ac
 .debug_str     0x0000000000000000     0x23ac ./fun_c.o
